{"level":"info","message":"Hello from Acquisitions!","service":"acquisitions-api"}
{"level":"info","message":"::1 - - [16/Aug/2026:07:19:06 +0000] \"GET / HTTP/1.1\" 304 - \"-\" \"Mozilla/5.0 (Windows NT 10.0; Win64; x64) AppleWebKit/537.36 (KHTML, like Gecko) Code/1.133.0 Chrome/148.0.7778.280 Electron/42.8.0 Safari/537.36\"","service":"acquisitions-api"}
{"level":"info","message":"Hello from Acquisitions!","service":"acquisitions-api"}
{"level":"info","message":"::1 - - [16/Aug/2026:07:19:07 +0000] \"GET / HTTP/1.1\" 304 - \"-\" \"Mozilla/5.0 (Windows NT 10.0; Win64; x64) AppleWebKit/537.36 (KHTML, like Gecko) Code/1.133.0 Chrome/148.0.7778.280 Electron/42.8.0 Safari/537.36\"","service":"acquisitions-api"}
{"level":"info","message":"Hello from Acquisitions!","service":"acquisitions-api"}
{"level":"info","message":"::1 - - [16/Aug/2026:07:19:08 +0000] \"GET / HTTP/1.1\" 304 - \"-\" \"Mozilla/5.0 (Windows NT 10.0; Win64; x64) AppleWebKit/537.36 (KHTML, like Gecko) Code/1.133.0 Chrome/148.0.7778.280 Electron/42.8.0 Safari/537.36\"","service":"acquisitions-api"}
{"level":"info","message":"Hello from Acquisitions!","service":"acquisitions-api"}
{"level":"info","message":"::1 - - [16/Aug/2026:07:19:08 +0000] \"GET / HTTP/1.1\" 304 - \"-\" \"Mozilla/5.0 (Windows NT 10.0; Win64; x64) AppleWebKit/537.36 (KHTML, like Gecko) Code/1.133.0 Chrome/148.0.7778.280 Electron/42.8.0 Safari/537.36\"","service":"acquisitions-api"}
{"level":"info","message":"Hello from Acquisitions!","service":"acquisitions-api"}
{"level":"info","message":"::1 - - [16/Aug/2026:07:20:32 +0000] \"GET / HTTP/1.1\" 304 - \"-\" \"Mozilla/5.0 (Windows NT 10.0; Win64; x64) AppleWebKit/537.36 (KHTML, like Gecko) Code/1.133.0 Chrome/148.0.7778.280 Electron/42.8.0 Safari/537.36\"","service":"acquisitions-api"}
{"level":"info","message":"Hello from Acquisitions!","service":"acquisitions-api"}
{"level":"info","message":"::1 - - [16/Aug/2026:07:20:41 +0000] \"GET / HTTP/1.1\" 304 - \"-\" \"Mozilla/5.0 (Windows NT 10.0; Win64; x64) AppleWebKit/537.36 (KHTML, like Gecko) Code/1.133.0 Chrome/148.0.7778.280 Electron/42.8.0 Safari/537.36\"","service":"acquisitions-api"}
{"level":"info","message":"Hello from Acquisitions!","service":"acquisitions-api"}
{"level":"info","message":"::1 - - [16/Aug/2026:07:20:42 +0000] \"GET / HTTP/1.1\" 304 - \"-\" \"Mozilla/5.0 (Windows NT 10.0; Win64; x64) AppleWebKit/537.36 (KHTML, like Gecko) Code/1.133.0 Chrome/148.0.7778.280 Electron/42.8.0 Safari/537.36\"","service":"acquisitions-api"}
{"level":"info","message":"Hello from Acquisitions!","service":"acquisitions-api"}
{"level":"info","message":"::1 - - [16/Aug/2026:07:20:42 +0000] \"GET / HTTP/1.1\" 304 - \"-\" \"Mozilla/5.0 (Windows NT 10.0; Win64; x64) AppleWebKit/537.36 (KHTML, like Gecko) Code/1.133.0 Chrome/148.0.7778.280 Electron/42.8.0 Safari/537.36\"","service":"acquisitions-api"}
{"level":"info","message":"Hello from Acquisitions!","service":"acquisitions-api"}
{"level":"info","message":"::1 - - [16/Aug/2026:07:20:42 +0000] \"GET / HTTP/1.1\" 304 - \"-\" \"Mozilla/5.0 (Windows NT 10.0; Win64; x64) AppleWebKit/537.36 (KHTML, like Gecko) Code/1.133.0 Chrome/148.0.7778.280 Electron/42.8.0 Safari/537.36\"","service":"acquisitions-api"}
{"level":"info","message":"Hello from Acquisitions!","service":"acquisitions-api"}
{"level":"info","message":"::1 - - [16/Aug/2026:07:20:43 +0000] \"GET / HTTP/1.1\" 304 - \"-\" \"Mozilla/5.0 (Windows NT 10.0; Win64; x64) AppleWebKit/537.36 (KHTML, like Gecko) Code/1.133.0 Chrome/148.0.7778.280 Electron/42.8.0 Safari/537.36\"","service":"acquisitions-api"}
{"level":"info","message":"Hello from Acquisitions!","service":"acquisitions-api"}
{"level":"info","message":"::1 - - [16/Aug/2026:07:20:43 +0000] \"GET / HTTP/1.1\" 304 - \"-\" \"Mozilla/5.0 (Windows NT 10.0; Win64; x64) AppleWebKit/537.36 (KHTML, like Gecko) Code/1.133.0 Chrome/148.0.7778.280 Electron/42.8.0 Safari/537.36\"","service":"acquisitions-api"}
{"level":"info","message":"Hello from Acquisitions!","service":"acquisitions-api"}
{"level":"info","message":"::1 - - [16/Aug/2026:07:20:43 +0000] \"GET / HTTP/1.1\" 304 - \"-\" \"Mozilla/5.0 (Windows NT 10.0; Win64; x64) AppleWebKit/537.36 (KHTML, like Gecko) Code/1.133.0 Chrome/148.0.7778.280 Electron/42.8.0 Safari/537.36\"","service":"acquisitions-api"}
{"level":"info","message":"Hello from Acquisitions!","service":"acquisitions-api"}
{"level":"info","message":"::1 - - [16/Aug/2026:07:20:44 +0000] \"GET / HTTP/1.1\" 304 - \"-\" \"Mozilla/5.0 (Windows NT 10.0; Win64; x64) AppleWebKit/537.36 (KHTML, like Gecko) Code/1.133.0 Chrome/148.0.7778.280 Electron/42.8.0 Safari/537.36\"","service":"acquisitions-api"}
{"level":"info","message":"Hello from Acquisitions!","service":"acquisitions-api"}
{"level":"info","message":"::1 - - [16/Aug/2026:07:20:44 +0000] \"GET / HTTP/1.1\" 304 - \"-\" \"Mozilla/5.0 (Windows NT 10.0; Win64; x64) AppleWebKit/537.36 (KHTML, like Gecko) Code/1.133.0 Chrome/148.0.7778.280 Electron/42.8.0 Safari/537.36\"","service":"acquisitions-api"}
{"level":"info","message":"Hello from Acquisitions!","service":"acquisitions-api"}
{"level":"info","message":"::1 - - [16/Aug/2026:07:20:44 +0000] \"GET / HTTP/1.1\" 304 - \"-\" \"Mozilla/5.0 (Windows NT 10.0; Win64; x64) AppleWebKit/537.36 (KHTML, like Gecko) Code/1.133.0 Chrome/148.0.7778.280 Electron/42.8.0 Safari/537.36\"","service":"acquisitions-api"}
{"level":"info","message":"Hello from Acquisitions!","service":"acquisitions-api"}
{"level":"info","message":"::1 - - [16/Aug/2026:07:20:44 +0000] \"GET / HTTP/1.1\" 304 - \"-\" \"Mozilla/5.0 (Windows NT 10.0; Win64; x64) AppleWebKit/537.36 (KHTML, like Gecko) Code/1.133.0 Chrome/148.0.7778.280 Electron/42.8.0 Safari/537.36\"","service":"acquisitions-api"}
{"level":"info","message":"Hello from Acquisitions!","service":"acquisitions-api"}
{"level":"info","message":"::1 - - [16/Aug/2026:07:20:44 +0000] \"GET / HTTP/1.1\" 304 - \"-\" \"Mozilla/5.0 (Windows NT 10.0; Win64; x64) AppleWebKit/537.36 (KHTML, like Gecko) Code/1.133.0 Chrome/148.0.7778.280 Electron/42.8.0 Safari/537.36\"","service":"acquisitions-api"}
{"level":"info","message":"Hello from Acquisitions!","service":"acquisitions-api"}
{"level":"info","message":"::1 - - [16/Aug/2026:07:20:44 +0000] \"GET / HTTP/1.1\" 304 - \"-\" \"Mozilla/5.0 (Windows NT 10.0; Win64; x64) AppleWebKit/537.36 (KHTML, like Gecko) Code/1.133.0 Chrome/148.0.7778.280 Electron/42.8.0 Safari/537.36\"","service":"acquisitions-api"}
{"level":"info","message":"Hello from Acquisitions!","service":"acquisitions-api"}
{"level":"info","message":"::1 - - [16/Aug/2026:07:20:45 +0000] \"GET / HTTP/1.1\" 304 - \"-\" \"Mozilla/5.0 (Windows NT 10.0; Win64; x64) AppleWebKit/537.36 (KHTML, like Gecko) Code/1.133.0 Chrome/148.0.7778.280 Electron/42.8.0 Safari/537.36\"","service":"acquisitions-api"}
{"level":"info","message":"Hello from Acquisitions!","service":"acquisitions-api"}
{"level":"info","message":"::1 - - [16/Aug/2026:07:20:45 +0000] \"GET / HTTP/1.1\" 304 - \"-\" \"Mozilla/5.0 (Windows NT 10.0; Win64; x64) AppleWebKit/537.36 (KHTML, like Gecko) Code/1.133.0 Chrome/148.0.7778.280 Electron/42.8.0 Safari/537.36\"","service":"acquisitions-api"}
{"level":"info","message":"Hello from Acquisitions!","service":"acquisitions-api"}
{"level":"info","message":"::1 - - [16/Aug/2026:07:20:45 +0000] \"GET / HTTP/1.1\" 304 - \"-\" \"Mozilla/5.0 (Windows NT 10.0; Win64; x64) AppleWebKit/537.36 (KHTML, like Gecko) Code/1.133.0 Chrome/148.0.7778.280 Electron/42.8.0 Safari/537.36\"","service":"acquisitions-api"}
{"level":"info","message":"Hello from Acquisitions!","service":"acquisitions-api"}
{"level":"info","message":"::1 - - [16/Aug/2026:07:20:45 +0000] \"GET / HTTP/1.1\" 304 - \"-\" \"Mozilla/5.0 (Windows NT 10.0; Win64; x64) AppleWebKit/537.36 (KHTML, like Gecko) Code/1.133.0 Chrome/148.0.7778.280 Electron/42.8.0 Safari/537.36\"","service":"acquisitions-api"}
{"level":"info","message":"Hello from Acquisitions!","service":"acquisitions-api"}
{"level":"info","message":"::1 - - [16/Aug/2026:07:21:28 +0000] \"GET / HTTP/1.1\" 304 - \"-\" \"Mozilla/5.0 (Windows NT 10.0; Win64; x64) AppleWebKit/537.36 (KHTML, like Gecko) Chrome/150.0.0.0 Safari/537.36 OPR/134.0.0.0\"","service":"acquisitions-api"}
{"level":"info","message":"Hello from Acquisitions!","service":"acquisitions-api"}
{"level":"info","message":"::1 - - [16/Aug/2026:07:21:47 +0000] \"GET / HTTP/1.1\" 304 - \"-\" \"Mozilla/5.0 (Windows NT 10.0; Win64; x64) AppleWebKit/537.36 (KHTML, like Gecko) Chrome/150.0.0.0 Safari/537.36 OPR/134.0.0.0\"","service":"acquisitions-api"}
{"level":"info","message":"Hello from Acquisitions!","service":"acquisitions-api"}
{"level":"info","message":"::1 - - [16/Aug/2026:07:21:59 +0000] \"GET / HTTP/1.1\" 200 24 \"-\" \"Mozilla/5.0 (Windows NT 10.0; Win64; x64) AppleWebKit/537.36 (KHTML, like Gecko) Chrome/151.0.0.0 Safari/537.36\"","service":"acquisitions-api"}
{"level":"info","message":"::1 - - [16/Aug/2026:07:21:59 +0000] \"GET /favicon.ico HTTP/1.1\" 404 150 \"-\" \"Mozilla/5.0 (Windows NT 10.0; Win64; x64) AppleWebKit/537.36 (KHTML, like Gecko) Chrome/151.0.0.0 Safari/537.36\"","service":"acquisitions-api"}
{"level":"info","message":"Hello from Acquisitions!","service":"acquisitions-api"}
{"level":"info","message":"::1 - - [16/Aug/2026:07:22:08 +0000] \"GET / HTTP/1.1\" 304 - \"-\" \"Mozilla/5.0 (Windows NT 10.0; Win64; x64) AppleWebKit/537.36 (KHTML, like Gecko) Chrome/151.0.0.0 Safari/537.36\"","service":"acquisitions-api"}
{"level":"info","message":"Hello from Acquisitions!","service":"acquisitions-api"}
{"level":"info","message":"::1 - - [16/Aug/2026:07:22:20 +0000] \"GET / HTTP/1.1\" 304 - \"-\" \"Mozilla/5.0 (Windows NT 10.0; Win64; x64) AppleWebKit/537.36 (KHTML, like Gecko) Chrome/151.0.0.0 Safari/537.36\"","service":"acquisitions-api"}
{"level":"info","message":"Hello from Acquisitions!","service":"acquisitions-api"}
{"level":"info","message":"::1 - - [16/Aug/2026:07:22:20 +0000] \"GET / HTTP/1.1\" 304 - \"-\" \"Mozilla/5.0 (Windows NT 10.0; Win64; x64) AppleWebKit/537.36 (KHTML, like Gecko) Chrome/151.0.0.0 Safari/537.36\"","service":"acquisitions-api"}
{"level":"info","message":"Hello from Acquisitions!","service":"acquisitions-api"}
{"level":"info","message":"::1 - - [16/Aug/2026:07:22:20 +0000] \"GET / HTTP/1.1\" 304 - \"-\" \"Mozilla/5.0 (Windows NT 10.0; Win64; x64) AppleWebKit/537.36 (KHTML, like Gecko) Chrome/151.0.0.0 Safari/537.36\"","service":"acquisitions-api"}
{"level":"info","message":"Hello from Acquisitions!","service":"acquisitions-api"}
{"level":"info","message":"::1 - - [16/Aug/2026:07:22:20 +0000] \"GET / HTTP/1.1\" 304 - \"-\" \"Mozilla/5.0 (Windows NT 10.0; Win64; x64) AppleWebKit/537.36 (KHTML, like Gecko) Chrome/151.0.0.0 Safari/537.36\"","service":"acquisitions-api"}
{"level":"info","message":"Hello from Acquisitions!","service":"acquisitions-api"}
{"level":"info","message":"::1 - - [16/Aug/2026:07:22:26 +0000] \"GET / HTTP/1.1\" 304 - \"-\" \"Mozilla/5.0 (Windows NT 10.0; Win64; x64) AppleWebKit/537.36 (KHTML, like Gecko) Chrome/151.0.0.0 Safari/537.36\"","service":"acquisitions-api"}
{"level":"info","message":"Hello from Acquisitions!","service":"acquisitions-api"}
{"level":"info","message":"::1 - - [16/Aug/2026:20:09:55 +0000] \"GET / HTTP/1.1\" 304 - \"-\" \"Mozilla/5.0 (Windows NT 10.0; Win64; x64) AppleWebKit/537.36 (KHTML, like Gecko) Code/1.133.0 Chrome/148.0.7778.280 Electron/42.8.0 Safari/537.36\"","service":"acquisitions-api"}
{"level":"info","message":"Hello from Acquisitions!","service":"acquisitions-api"}
{"level":"info","message":"::1 - - [16/Aug/2026:20:09:57 +0000] \"GET / HTTP/1.1\" 304 - \"-\" \"Mozilla/5.0 (Windows NT 10.0; Win64; x64) AppleWebKit/537.36 (KHTML, like Gecko) Code/1.133.0 Chrome/148.0.7778.280 Electron/42.8.0 Safari/537.36\"","service":"acquisitions-api"}
{"level":"info","message":"Hello from Acquisitions!","service":"acquisitions-api"}
{"level":"info","message":"::1 - - [16/Aug/2026:20:09:58 +0000] \"GET / HTTP/1.1\" 304 - \"-\" \"Mozilla/5.0 (Windows NT 10.0; Win64; x64) AppleWebKit/537.36 (KHTML, like Gecko) Code/1.133.0 Chrome/148.0.7778.280 Electron/42.8.0 Safari/537.36\"","service":"acquisitions-api"}
{"level":"info","message":"Hello from Acquisitions!","service":"acquisitions-api"}
{"level":"info","message":"::1 - - [16/Aug/2026:20:13:44 +0000] \"GET / HTTP/1.1\" 200 24 \"-\" \"HTTPie\"","service":"acquisitions-api"}
{"level":"info","message":"::1 - - [16/Aug/2026:20:14:12 +0000] \"GET /api HTTP/1.1\" 200 40 \"-\" \"HTTPie\"","service":"acquisitions-api"}
{"level":"info","message":"::1 - - [16/Aug/2026:20:14:22 +0000] \"GET /health HTTP/1.1\" 200 72 \"-\" \"HTTPie\"","service":"acquisitions-api"}
{"level":"info","message":"::1 - - [16/Aug/2026:20:14:30 +0000] \"GET /post HTTP/1.1\" 404 143 \"-\" \"HTTPie\"","service":"acquisitions-api"}
{"level":"info","message":"::1 - - [16/Aug/2026:20:14:41 +0000] \"GET /api/auth/signin HTTP/1.1\" 404 154 \"-\" \"HTTPie\"","service":"acquisitions-api"}
{"level":"info","message":"::1 - - [16/Aug/2026:20:14:45 +0000] \"GET /api/auth/sign-in HTTP/1.1\" 404 155 \"-\" \"HTTPie\"","service":"acquisitions-api"}
{"level":"info","message":"::1 - - [16/Aug/2026:20:15:12 +0000] \"GET /auth/sign-in HTTP/1.1\" 404 151 \"-\" \"HTTPie\"","service":"acquisitions-api"}
{"level":"info","message":"::1 - - [16/Aug/2026:20:15:13 +0000] \"GET /auth/sign-in HTTP/1.1\" 404 151 \"-\" \"HTTPie\"","service":"acquisitions-api"}
{"level":"info","message":"::1 - - [16/Aug/2026:20:15:18 +0000] \"GET /api/auth/sign-in HTTP/1.1\" 404 155 \"-\" \"HTTPie\"","service":"acquisitions-api"}
{"level":"info","message":"::1 - - [16/Aug/2026:20:15:19 +0000] \"GET /api/auth/sign-in HTTP/1.1\" 404 155 \"-\" \"HTTPie\"","service":"acquisitions-api"}
{"level":"info","message":"::1 - - [16/Aug/2026:20:15:19 +0000] \"GET /api/auth/sign-in HTTP/1.1\" 404 155 \"-\" \"HTTPie\"","service":"acquisitions-api"}
{"level":"info","message":"::1 - - [16/Aug/2026:20:15:19 +0000] \"GET /api/auth/sign-in HTTP/1.1\" 404 155 \"-\" \"HTTPie\"","service":"acquisitions-api"}
{"level":"info","message":"::1 - - [16/Aug/2026:20:15:20 +0000] \"GET /api/auth/sign-in HTTP/1.1\" 404 155 \"-\" \"HTTPie\"","service":"acquisitions-api"}
{"level":"info","message":"::1 - - [16/Aug/2026:20:15:20 +0000] \"GET /api/auth/sign-in HTTP/1.1\" 404 155 \"-\" \"HTTPie\"","service":"acquisitions-api"}
{"level":"info","message":"::1 - - [16/Aug/2026:20:15:20 +0000] \"GET /api/auth/sign-in HTTP/1.1\" 404 155 \"-\" \"HTTPie\"","service":"acquisitions-api"}
{"level":"info","message":"::1 - - [16/Aug/2026:20:15:20 +0000] \"GET /api/auth/sign-in HTTP/1.1\" 404 155 \"-\" \"HTTPie\"","service":"acquisitions-api"}
{"level":"info","message":"::1 - - [16/Aug/2026:20:17:36 +0000] \"POST /api/auth/sign-in HTTP/1.1\" 200 31 \"-\" \"HTTPie\"","service":"acquisitions-api"}
{"level":"info","message":"::1 - - [18/Aug/2026:15:22:53 +0000] \"POST /api/auth/sign-up HTTP/1.1\" 200 31 \"-\" \"HTTPie\"","service":"acquisitions-api"}
{"level":"info","message":"::1 - - [18/Aug/2026:15:31:09 +0000] \"POST /api/auth/sign-up HTTP/1.1\" 400 163 \"-\" \"HTTPie\"","service":"acquisitions-api"}
{"level":"info","message":"::1 - - [18/Aug/2026:15:31:47 +0000] \"POST /api/auth/sign-up HTTP/1.1\" 400 163 \"-\" \"HTTPie\"","service":"acquisitions-api"}
{"level":"info","message":"::1 - - [18/Aug/2026:15:32:49 +0000] \"POST /api/auth/sign-up HTTP/1.1\" 400 59 \"-\" \"HTTPie\"","service":"acquisitions-api"}
{"level":"info","message":"::1 - - [18/Aug/2026:15:32:57 +0000] \"POST /api/auth/sign-up HTTP/1.1\" 500 1300 \"-\" \"HTTPie\"","service":"acquisitions-api"}
{"level":"info","message":"User signed up successfully: ${email}","service":"acquisitions-api"}
{"level":"info","message":"::1 - - [18/Aug/2026:15:33:48 +0000] \"POST /api/auth/sign-up HTTP/1.1\" 201 106 \"-\" \"HTTPie\"","service":"acquisitions-api"}
{"level":"info","message":"::1 - - [18/Aug/2026:15:59:48 +0000] \"POST /api/auth/sign-up HTTP/1.1\" 400 59 \"-\" \"HTTPie\"","service":"acquisitions-api"}
{"level":"error","message":"Error creating user: ReferenceError: users is not defined","service":"acquisitions-api"}
{"cause":{},"level":"error","message":"Sign up error","service":"acquisitions-api"}
{"level":"info","message":"::1 - - [18/Aug/2026:15:59:54 +0000] \"POST /api/auth/sign-up HTTP/1.1\" 500 142 \"-\" \"HTTPie\"","service":"acquisitions-api"}
{"level":"error","message":"Error creating user: ReferenceError: users is not defined","service":"acquisitions-api"}
{"cause":{},"level":"error","message":"Sign up error","service":"acquisitions-api"}
{"level":"info","message":"::1 - - [18/Aug/2026:16:00:11 +0000] \"POST /api/auth/sign-up HTTP/1.1\" 500 142 \"-\" \"HTTPie\"","service":"acquisitions-api"}
{"level":"error","message":"Error creating user: ReferenceError: users is not defined","service":"acquisitions-api"}
{"cause":{},"level":"error","message":"Sign up error","service":"acquisitions-api"}
{"level":"info","message":"::1 - - [18/Aug/2026:16:00:11 +0000] \"POST /api/auth/sign-up HTTP/1.1\" 500 142 \"-\" \"HTTPie\"","service":"acquisitions-api"}
{"level":"error","message":"Error creating user: ReferenceError: users is not defined","service":"acquisitions-api"}
{"cause":{},"level":"error","message":"Sign up error","service":"acquisitions-api"}
{"level":"info","message":"::1 - - [18/Aug/2026:16:00:11 +0000] \"POST /api/auth/sign-up HTTP/1.1\" 500 142 \"-\" \"HTTPie\"","service":"acquisitions-api"}
{"level":"error","message":"Error creating user: ReferenceError: users is not defined","service":"acquisitions-api"}
{"cause":{},"level":"error","message":"Sign up error","service":"acquisitions-api"}
{"level":"info","message":"::1 - - [18/Aug/2026:16:00:12 +0000] \"POST /api/auth/sign-up HTTP/1.1\" 500 142 \"-\" \"HTTPie\"","service":"acquisitions-api"}
{"level":"error","message":"Error creating user: ReferenceError: users is not defined","service":"acquisitions-api"}
{"cause":{},"level":"error","message":"Sign up error","service":"acquisitions-api"}
{"level":"info","message":"::1 - - [18/Aug/2026:16:00:12 +0000] \"POST /api/auth/sign-up HTTP/1.1\" 500 142 \"-\" \"HTTPie\"","service":"acquisitions-api"}
{"level":"error","message":"Error creating user: ReferenceError: users is not defined","service":"acquisitions-api"}
{"cause":{},"level":"error","message":"Sign up error","service":"acquisitions-api"}
{"level":"info","message":"::1 - - [18/Aug/2026:16:00:12 +0000] \"POST /api/auth/sign-up HTTP/1.1\" 500 142 \"-\" \"HTTPie\"","service":"acquisitions-api"}
{"level":"error","message":"Error creating user: ReferenceError: users is not defined","service":"acquisitions-api"}
{"cause":{},"level":"error","message":"Sign up error","service":"acquisitions-api"}
{"level":"info","message":"::1 - - [18/Aug/2026:16:02:36 +0000] \"POST /api/auth/sign-up HTTP/1.1\" 500 142 \"-\" \"HTTPie\"","service":"acquisitions-api"}
{"level":"error","message":"Error creating user: ReferenceError: users is not defined","service":"acquisitions-api"}
{"cause":{},"level":"error","message":"Sign up error","service":"acquisitions-api"}
{"level":"info","message":"::1 - - [18/Aug/2026:16:02:37 +0000] \"POST /api/auth/sign-up HTTP/1.1\" 500 142 \"-\" \"HTTPie\"","service":"acquisitions-api"}
{"level":"error","message":"Error creating user: ReferenceError: users is not defined","service":"acquisitions-api"}
{"cause":{},"level":"error","message":"Signup error","service":"acquisitions-api"}
{"level":"info","message":"::1 - - [18/Aug/2026:16:06:26 +0000] \"POST /api/auth/sign-up HTTP/1.1\" 500 142 \"-\" \"HTTPie\"","service":"acquisitions-api"}
{"level":"error","message":"Error creating user: ReferenceError: users is not defined","service":"acquisitions-api"}
{"cause":{},"level":"error","message":"Signup error","service":"acquisitions-api"}
{"level":"info","message":"::1 - - [18/Aug/2026:16:06:27 +0000] \"POST /api/auth/sign-up HTTP/1.1\" 500 142 \"-\" \"HTTPie\"","service":"acquisitions-api"}
{"level":"error","message":"Error creating user: ReferenceError: users is not defined","service":"acquisitions-api"}
{"cause":{},"level":"error","message":"Signup error","service":"acquisitions-api"}
{"level":"info","message":"::1 - - [18/Aug/2026:16:07:12 +0000] \"POST /api/auth/sign-up HTTP/1.1\" 500 142 \"-\" \"HTTPie\"","service":"acquisitions-api"}
{"level":"error","message":"Error creating user: TypeError: Cannot convert undefined or null to object","service":"acquisitions-api"}
{"cause":{},"level":"error","message":"Signup error","service":"acquisitions-api"}
{"level":"info","message":"::1 - - [18/Aug/2026:16:08:04 +0000] \"POST /api/auth/sign-up HTTP/1.1\" 500 142 \"-\" \"HTTPie\"","service":"acquisitions-api"}
{"level":"error","message":"Error creating user: TypeError: Cannot convert undefined or null to object","service":"acquisitions-api"}
{"cause":{},"level":"error","message":"Signup error","service":"acquisitions-api"}
{"level":"info","message":"::1 - - [18/Aug/2026:16:08:05 +0000] \"POST /api/auth/sign-up HTTP/1.1\" 500 142 \"-\" \"HTTPie\"","service":"acquisitions-api"}
{"level":"error","message":"Error creating user: TypeError: Cannot convert undefined or null to object","service":"acquisitions-api"}
{"cause":{},"level":"error","message":"Signup error","service":"acquisitions-api"}
{"level":"info","message":"::1 - - [18/Aug/2026:16:08:06 +0000] \"POST /api/auth/sign-up HTTP/1.1\" 500 142 \"-\" \"HTTPie\"","service":"acquisitions-api"}
{"level":"error","message":"Error creating user: TypeError: Cannot convert undefined or null to object","service":"acquisitions-api"}
{"cause":{},"level":"error","message":"Signup error","service":"acquisitions-api"}
{"level":"info","message":"::1 - - [18/Aug/2026:16:09:16 +0000] \"POST /api/auth/sign-up HTTP/1.1\" 500 142 \"-\" \"HTTPie\"","service":"acquisitions-api"}
{"level":"error","message":"Error creating user: TypeError: Cannot convert undefined or null to object","service":"acquisitions-api"}
{"cause":{},"level":"error","message":"Signup error","service":"acquisitions-api"}
{"level":"info","message":"::1 - - [18/Aug/2026:16:09:17 +0000] \"POST /api/auth/sign-up HTTP/1.1\" 500 142 \"-\" \"HTTPie\"","service":"acquisitions-api"}
{"level":"error","message":"Error creating user: TypeError: Cannot convert undefined or null to object","service":"acquisitions-api"}
{"cause":{},"level":"error","message":"Signup error","service":"acquisitions-api"}
{"level":"info","message":"::1 - - [18/Aug/2026:16:09:34 +0000] \"POST /api/auth/sign-up HTTP/1.1\" 500 142 \"-\" \"HTTPie\"","service":"acquisitions-api"}
{"level":"error","message":"Error creating user: TypeError: Cannot convert undefined or null to object","service":"acquisitions-api"}
{"cause":{},"level":"error","message":"Signup error","service":"acquisitions-api"}
{"level":"info","message":"::1 - - [18/Aug/2026:16:09:35 +0000] \"POST /api/auth/sign-up HTTP/1.1\" 500 142 \"-\" \"HTTPie\"","service":"acquisitions-api"}
{"level":"error","message":"Error creating user: TypeError: Cannot convert undefined or null to object","service":"acquisitions-api"}
{"cause":{},"level":"error","message":"Signup error","service":"acquisitions-api"}
{"level":"info","message":"::1 - - [18/Aug/2026:16:09:50 +0000] \"POST /api/auth/sign-up HTTP/1.1\" 500 142 \"-\" \"HTTPie\"","service":"acquisitions-api"}
{"level":"error","message":"Error creating user: TypeError: Cannot convert undefined or null to object","service":"acquisitions-api"}
{"cause":{},"level":"error","message":"Signup error","service":"acquisitions-api"}
{"level":"info","message":"::1 - - [18/Aug/2026:16:09:51 +0000] \"POST /api/auth/sign-up HTTP/1.1\" 500 142 \"-\" \"HTTPie\"","service":"acquisitions-api"}
{"level":"error","message":"Error creating user: TypeError: Cannot convert undefined or null to object","service":"acquisitions-api"}
{"cause":{},"level":"error","message":"Signup error","service":"acquisitions-api"}
{"level":"info","message":"::1 - - [18/Aug/2026:16:09:58 +0000] \"POST /api/auth/sign-up HTTP/1.1\" 500 142 \"-\" \"HTTPie\"","service":"acquisitions-api"}
{"level":"error","message":"Error creating user: TypeError: Cannot convert undefined or null to object","service":"acquisitions-api"}
{"cause":{},"level":"error","message":"Signup error Cannot convert undefined or null to object","service":"acquisitions-api","stack":"Error: Cannot convert undefined or null to object\n    at createUser (file:///C:/Coding/Visual%20Studio%20Code/acquisitions/src/services/auth.service.js:34:11)\n    at async signup (file:///C:/Coding/Visual%20Studio%20Code/acquisitions/src/controllers/auth.controller.js:21:18)"}
{"level":"info","message":"::1 - - [18/Aug/2026:16:13:51 +0000] \"POST /api/auth/sign-up HTTP/1.1\" 500 428 \"-\" \"HTTPie\"","service":"acquisitions-api"}
{"level":"error","message":"Error creating user: TypeError: Cannot convert undefined or null to object","service":"acquisitions-api"}
{"cause":{},"level":"error","message":"Signup error Cannot convert undefined or null to object","service":"acquisitions-api","stack":"Error: Cannot convert undefined or null to object\n    at createUser (file:///C:/Coding/Visual%20Studio%20Code/acquisitions/src/services/auth.service.js:34:11)\n    at async signup (file:///C:/Coding/Visual%20Studio%20Code/acquisitions/src/controllers/auth.controller.js:21:18)"}
{"level":"info","message":"::1 - - [18/Aug/2026:16:14:59 +0000] \"POST /api/auth/sign-up HTTP/1.1\" 500 428 \"-\" \"HTTPie\"","service":"acquisitions-api"}
{"level":"error","message":"Error creating user: TypeError: Cannot convert undefined or null to object","service":"acquisitions-api"}
{"level":"error","message":"Signup error Cannot convert undefined or null to object","service":"acquisitions-api","stack":"TypeError: Cannot convert undefined or null to object\n    at Function.entries (<anonymous>)\n    at orderSelectedFields (file:///C:/Coding/Visual%20Studio%20Code/acquisitions/node_modules/drizzle-orm/utils.js:55:17)\n    at file:///C:/Coding/Visual%20Studio%20Code/acquisitions/node_modules/drizzle-orm/utils.js:65:22\n    at Array.reduce (<anonymous>)\n    at orderSelectedFields (file:///C:/Coding/Visual%20Studio%20Code/acquisitions/node_modules/drizzle-orm/utils.js:55:33)\n    at QueryPromise.returning (file:///C:/Coding/Visual%20Studio%20Code/acquisitions/node_modules/drizzle-orm/pg-core/query-builders/insert.js:75:29)\n    at createUser (file:///C:/Coding/Visual%20Studio%20Code/acquisitions/src/services/auth.service.js:28:8)\n    at async signup (file:///C:/Coding/Visual%20Studio%20Code/acquisitions/src/controllers/auth.controller.js:21:18)"}
{"level":"info","message":"::1 - - [18/Aug/2026:16:16:16 +0000] \"POST /api/auth/sign-up HTTP/1.1\" 500 1090 \"-\" \"HTTPie\"","service":"acquisitions-api"}
{"level":"info","message":"User yoshiadmin@gmail.com created successfully","service":"acquisitions-api"}
{"level":"info","message":"User registered successfully: yoshiadmin@gmail.com","service":"acquisitions-api"}
{"level":"info","message":"::1 - - [18/Aug/2026:16:20:49 +0000] \"POST /api/auth/sign-up HTTP/1.1\" 201 107 \"-\" \"HTTPie\"","service":"acquisitions-api"}
{"level":"error","message":"Error creating the user: Error: User with this email already exists","service":"acquisitions-api"}
{"level":"error","message":"Signup error User with this email already exists","service":"acquisitions-api","stack":"Error: User with this email already exists\n    at createUser (file:///C:/Coding/Visual%20Studio%20Code/acquisitions/src/services/auth.service.js:34:13)\n    at process.processTicksAndRejections (node:internal/process/task_queues:105:5)\n    at async signup (file:///C:/Coding/Visual%20Studio%20Code/acquisitions/src/controllers/auth.controller.js:21:18)"}
{"level":"info","message":"::1 - - [18/Aug/2026:16:27:44 +0000] \"POST /api/auth/sign-up HTTP/1.1\" 409 31 \"-\" \"HTTPie\"","service":"acquisitions-api"}
